$ tsc --noEmit && vite build
vite v7.3.2 building client environment for production...
transforming...
Found 1 warning while optimizing generated CSS:

[2m│   }[22m
[2m│ }[22m
[2m│[22m @import url('https://fonts.googleapis.com/css2?family=Playfair+Display:ital,wght@0,400;0,600;0,700;0,800;0,900;1,400;1,700&family=Inter:wght@300;400;500;600;700&family=JetBrains+Mono:wght@400;500;700&display=swap');
[2m┆[22m        [33m[2m^--[22m @import rules must precede all rules aside from @charset and @layer statements[39m
[2m┆[22m
[2m│ :root {[22m
[2m│   --bg-primary: #080808;[22m

✓ 108 modules transformed.
rendering chunks...
computing gzip size...
dist/index.html                   0.61 kB │ gzip:   0.39 kB
dist/assets/index-Db0DezvO.css   15.67 kB │ gzip:   4.39 kB
dist/assets/index-BlQJDTWk.js   506.01 kB │ gzip: 138.60 kB

(!) Some chunks are larger than 500 kB after minification. Consider:
- Using dynamic import() to code-split the application
- Use build.rollupOptions.output.manualChunks to improve chunking: https://rollupjs.org/configuration-options/#output-manualchunks
- Adjust chunk size limit for this warning via build.chunkSizeWarningLimit.
✓ built in 1.74s
